running egg_info
creating ../build/ackermann_teleop/ackermann_teleop.egg-info
writing ../build/ackermann_teleop/ackermann_teleop.egg-info/PKG-INFO
writing dependency_links to ../build/ackermann_teleop/ackermann_teleop.egg-info/dependency_links.txt
writing entry points to ../build/ackermann_teleop/ackermann_teleop.egg-info/entry_points.txt
writing requirements to ../build/ackermann_teleop/ackermann_teleop.egg-info/requires.txt
writing top-level names to ../build/ackermann_teleop/ackermann_teleop.egg-info/top_level.txt
writing manifest file '../build/ackermann_teleop/ackermann_teleop.egg-info/SOURCES.txt'
reading manifest file '../build/ackermann_teleop/ackermann_teleop.egg-info/SOURCES.txt'
writing manifest file '../build/ackermann_teleop/ackermann_teleop.egg-info/SOURCES.txt'
running build
running build_py
creating /home/artem/vechicle/src/ros_gazebo_car/build/ackermann_teleop/build
creating /home/artem/vechicle/src/ros_gazebo_car/build/ackermann_teleop/build/lib
creating /home/artem/vechicle/src/ros_gazebo_car/build/ackermann_teleop/build/lib/ackermann_teleop
copying ackermann_teleop/ackermann_steering.py -> /home/artem/vechicle/src/ros_gazebo_car/build/ackermann_teleop/build/lib/ackermann_teleop
copying ackermann_teleop/__init__.py -> /home/artem/vechicle/src/ros_gazebo_car/build/ackermann_teleop/build/lib/ackermann_teleop
copying ackermann_teleop/keyboard_teleop.py -> /home/artem/vechicle/src/ros_gazebo_car/build/ackermann_teleop/build/lib/ackermann_teleop
running install
running install_lib
creating /home/artem/vechicle/src/ros_gazebo_car/install/ackermann_teleop/lib/python3.10/site-packages/ackermann_teleop
copying /home/artem/vechicle/src/ros_gazebo_car/build/ackermann_teleop/build/lib/ackermann_teleop/ackermann_steering.py -> /home/artem/vechicle/src/ros_gazebo_car/install/ackermann_teleop/lib/python3.10/site-packages/ackermann_teleop
copying /home/artem/vechicle/src/ros_gazebo_car/build/ackermann_teleop/build/lib/ackermann_teleop/__init__.py -> /home/artem/vechicle/src/ros_gazebo_car/install/ackermann_teleop/lib/python3.10/site-packages/ackermann_teleop
copying /home/artem/vechicle/src/ros_gazebo_car/build/ackermann_teleop/build/lib/ackermann_teleop/keyboard_teleop.py -> /home/artem/vechicle/src/ros_gazebo_car/install/ackermann_teleop/lib/python3.10/site-packages/ackermann_teleop
byte-compiling /home/artem/vechicle/src/ros_gazebo_car/install/ackermann_teleop/lib/python3.10/site-packages/ackermann_teleop/ackermann_steering.py to ackermann_steering.cpython-310.pyc
byte-compiling /home/artem/vechicle/src/ros_gazebo_car/install/ackermann_teleop/lib/python3.10/site-packages/ackermann_teleop/__init__.py to __init__.cpython-310.pyc
byte-compiling /home/artem/vechicle/src/ros_gazebo_car/install/ackermann_teleop/lib/python3.10/site-packages/ackermann_teleop/keyboard_teleop.py to keyboard_teleop.cpython-310.pyc
running install_data
creating /home/artem/vechicle/src/ros_gazebo_car/install/ackermann_teleop/share/ament_index
creating /home/artem/vechicle/src/ros_gazebo_car/install/ackermann_teleop/share/ament_index/resource_index
creating /home/artem/vechicle/src/ros_gazebo_car/install/ackermann_teleop/share/ament_index/resource_index/packages
copying resource/ackermann_teleop -> /home/artem/vechicle/src/ros_gazebo_car/install/ackermann_teleop/share/ament_index/resource_index/packages
copying package.xml -> /home/artem/vechicle/src/ros_gazebo_car/install/ackermann_teleop/share/ackermann_teleop
creating /home/artem/vechicle/src/ros_gazebo_car/install/ackermann_teleop/share/ackermann_teleop/launch
copying launch/teleop.launch.py -> /home/artem/vechicle/src/ros_gazebo_car/install/ackermann_teleop/share/ackermann_teleop/launch
running install_egg_info
Copying ../build/ackermann_teleop/ackermann_teleop.egg-info to /home/artem/vechicle/src/ros_gazebo_car/install/ackermann_teleop/lib/python3.10/site-packages/ackermann_teleop-0.0.1-py3.10.egg-info
running install_scripts
Installing ackermann_steering script to /home/artem/vechicle/src/ros_gazebo_car/install/ackermann_teleop/lib/ackermann_teleop
Installing keyboard_teleop script to /home/artem/vechicle/src/ros_gazebo_car/install/ackermann_teleop/lib/ackermann_teleop
writing list of installed files to '/home/artem/vechicle/src/ros_gazebo_car/build/ackermann_teleop/install.log'
