[2.660s] Invoking command in '/home/artem/vechicle/src/ros_gazebo_car/ackermann_teleop': PYTHONPATH=/home/artem/vechicle/src/ros_gazebo_car/build/ackermann_teleop/prefix_override:/home/artem/vechicle/src/ros_gazebo_car/install/ackermann_teleop/lib/python3.10/site-packages:${PYTHONPATH} /usr/bin/python3 -W ignore:setup.py install is deprecated setup.py egg_info --egg-base ../build/ackermann_teleop build --build-base /home/artem/vechicle/src/ros_gazebo_car/build/ackermann_teleop/build install --record /home/artem/vechicle/src/ros_gazebo_car/build/ackermann_teleop/install.log --single-version-externally-managed install_data
[3.322s] running egg_info
[3.323s] creating ../build/ackermann_teleop/ackermann_teleop.egg-info
[3.324s] writing ../build/ackermann_teleop/ackermann_teleop.egg-info/PKG-INFO
[3.324s] writing dependency_links to ../build/ackermann_teleop/ackermann_teleop.egg-info/dependency_links.txt
[3.325s] writing entry points to ../build/ackermann_teleop/ackermann_teleop.egg-info/entry_points.txt
[3.325s] writing requirements to ../build/ackermann_teleop/ackermann_teleop.egg-info/requires.txt
[3.325s] writing top-level names to ../build/ackermann_teleop/ackermann_teleop.egg-info/top_level.txt
[3.326s] writing manifest file '../build/ackermann_teleop/ackermann_teleop.egg-info/SOURCES.txt'
[3.330s] reading manifest file '../build/ackermann_teleop/ackermann_teleop.egg-info/SOURCES.txt'
[3.332s] writing manifest file '../build/ackermann_teleop/ackermann_teleop.egg-info/SOURCES.txt'
[3.332s] running build
[3.332s] running build_py
[3.332s] creating /home/artem/vechicle/src/ros_gazebo_car/build/ackermann_teleop/build
[3.333s] creating /home/artem/vechicle/src/ros_gazebo_car/build/ackermann_teleop/build/lib
[3.333s] creating /home/artem/vechicle/src/ros_gazebo_car/build/ackermann_teleop/build/lib/ackermann_teleop
[3.333s] copying ackermann_teleop/ackermann_steering.py -> /home/artem/vechicle/src/ros_gazebo_car/build/ackermann_teleop/build/lib/ackermann_teleop
[3.333s] copying ackermann_teleop/__init__.py -> /home/artem/vechicle/src/ros_gazebo_car/build/ackermann_teleop/build/lib/ackermann_teleop
[3.334s] copying ackermann_teleop/keyboard_teleop.py -> /home/artem/vechicle/src/ros_gazebo_car/build/ackermann_teleop/build/lib/ackermann_teleop
[3.334s] running install
[3.335s] running install_lib
[3.336s] creating /home/artem/vechicle/src/ros_gazebo_car/install/ackermann_teleop/lib/python3.10/site-packages/ackermann_teleop
[3.337s] copying /home/artem/vechicle/src/ros_gazebo_car/build/ackermann_teleop/build/lib/ackermann_teleop/ackermann_steering.py -> /home/artem/vechicle/src/ros_gazebo_car/install/ackermann_teleop/lib/python3.10/site-packages/ackermann_teleop
[3.338s] copying /home/artem/vechicle/src/ros_gazebo_car/build/ackermann_teleop/build/lib/ackermann_teleop/__init__.py -> /home/artem/vechicle/src/ros_gazebo_car/install/ackermann_teleop/lib/python3.10/site-packages/ackermann_teleop
[3.338s] copying /home/artem/vechicle/src/ros_gazebo_car/build/ackermann_teleop/build/lib/ackermann_teleop/keyboard_teleop.py -> /home/artem/vechicle/src/ros_gazebo_car/install/ackermann_teleop/lib/python3.10/site-packages/ackermann_teleop
[3.339s] byte-compiling /home/artem/vechicle/src/ros_gazebo_car/install/ackermann_teleop/lib/python3.10/site-packages/ackermann_teleop/ackermann_steering.py to ackermann_steering.cpython-310.pyc
[3.340s] byte-compiling /home/artem/vechicle/src/ros_gazebo_car/install/ackermann_teleop/lib/python3.10/site-packages/ackermann_teleop/__init__.py to __init__.cpython-310.pyc
[3.340s] byte-compiling /home/artem/vechicle/src/ros_gazebo_car/install/ackermann_teleop/lib/python3.10/site-packages/ackermann_teleop/keyboard_teleop.py to keyboard_teleop.cpython-310.pyc
[3.343s] running install_data
[3.343s] creating /home/artem/vechicle/src/ros_gazebo_car/install/ackermann_teleop/share/ament_index
[3.343s] creating /home/artem/vechicle/src/ros_gazebo_car/install/ackermann_teleop/share/ament_index/resource_index
[3.343s] creating /home/artem/vechicle/src/ros_gazebo_car/install/ackermann_teleop/share/ament_index/resource_index/packages
[3.343s] copying resource/ackermann_teleop -> /home/artem/vechicle/src/ros_gazebo_car/install/ackermann_teleop/share/ament_index/resource_index/packages
[3.344s] copying package.xml -> /home/artem/vechicle/src/ros_gazebo_car/install/ackermann_teleop/share/ackermann_teleop
[3.344s] creating /home/artem/vechicle/src/ros_gazebo_car/install/ackermann_teleop/share/ackermann_teleop/launch
[3.344s] copying launch/teleop.launch.py -> /home/artem/vechicle/src/ros_gazebo_car/install/ackermann_teleop/share/ackermann_teleop/launch
[3.344s] running install_egg_info
[3.349s] Copying ../build/ackermann_teleop/ackermann_teleop.egg-info to /home/artem/vechicle/src/ros_gazebo_car/install/ackermann_teleop/lib/python3.10/site-packages/ackermann_teleop-0.0.1-py3.10.egg-info
[3.351s] running install_scripts
[3.393s] Installing ackermann_steering script to /home/artem/vechicle/src/ros_gazebo_car/install/ackermann_teleop/lib/ackermann_teleop
[3.393s] Installing keyboard_teleop script to /home/artem/vechicle/src/ros_gazebo_car/install/ackermann_teleop/lib/ackermann_teleop
[3.394s] writing list of installed files to '/home/artem/vechicle/src/ros_gazebo_car/build/ackermann_teleop/install.log'
[3.444s] Invoked command in '/home/artem/vechicle/src/ros_gazebo_car/ackermann_teleop' returned '0': PYTHONPATH=/home/artem/vechicle/src/ros_gazebo_car/build/ackermann_teleop/prefix_override:/home/artem/vechicle/src/ros_gazebo_car/install/ackermann_teleop/lib/python3.10/site-packages:${PYTHONPATH} /usr/bin/python3 -W ignore:setup.py install is deprecated setup.py egg_info --egg-base ../build/ackermann_teleop build --build-base /home/artem/vechicle/src/ros_gazebo_car/build/ackermann_teleop/build install --record /home/artem/vechicle/src/ros_gazebo_car/build/ackermann_teleop/install.log --single-version-externally-managed install_data
