[0.291s] DEBUG:colcon:Command line arguments: ['/usr/bin/colcon', 'build']
[0.292s] DEBUG:colcon:Parsed command line arguments: Namespace(log_base=None, log_level=None, verb_name='build', build_base='build', install_base='install', merge_install=False, symlink_install=False, test_result_base=None, continue_on_error=False, executor='parallel', parallel_workers=8, event_handlers=None, ignore_user_meta=False, metas=['./colcon.meta'], base_paths=['.'], packages_ignore=None, packages_ignore_regex=None, paths=None, packages_up_to=None, packages_up_to_regex=None, packages_above=None, packages_above_and_dependencies=None, packages_above_depth=None, packages_select_by_dep=None, packages_skip_by_dep=None, packages_skip_up_to=None, packages_select_build_failed=False, packages_skip_build_finished=False, packages_select_test_failures=False, packages_skip_test_passed=False, packages_select=None, packages_skip=None, packages_select_regex=None, packages_skip_regex=None, packages_start=None, packages_end=None, allow_overriding=[], cmake_args=None, cmake_target=None, cmake_target_skip_unavailable=False, cmake_clean_cache=False, cmake_clean_first=False, cmake_force_configure=False, ament_cmake_args=None, catkin_cmake_args=None, catkin_skip_building_tests=False, mixin_files=None, mixin=None, verb_parser=<colcon_mixin.mixin.mixin_argument.MixinArgumentDecorator object at 0x711c7997ad10>, verb_extension=<colcon_core.verb.build.BuildVerb object at 0x711c79a874c0>, main=<bound method BuildVerb.main of <colcon_core.verb.build.BuildVerb object at 0x711c79a874c0>>, mixin_verb=('build',))
[0.789s] Level 1:colcon.colcon_core.package_discovery:discover_packages(colcon_meta) check parameters
[0.790s] Level 1:colcon.colcon_core.package_discovery:discover_packages(recursive) check parameters
[0.790s] Level 1:colcon.colcon_core.package_discovery:discover_packages(ignore) check parameters
[0.790s] Level 1:colcon.colcon_core.package_discovery:discover_packages(path) check parameters
[0.790s] Level 1:colcon.colcon_core.package_discovery:discover_packages(colcon_meta) discover
[0.790s] Level 1:colcon.colcon_core.package_discovery:discover_packages(recursive) discover
[0.790s] INFO:colcon.colcon_core.package_discovery:Crawling recursively for packages in '/home/artem/vechicle/src/ros_gazebo_car'
[0.790s] Level 1:colcon.colcon_core.package_identification:_identify(.) by extensions ['ignore', 'ignore_ament_install']
[0.790s] Level 1:colcon.colcon_core.package_identification:_identify(.) by extension 'ignore'
[0.791s] Level 1:colcon.colcon_core.package_identification:_identify(.) by extension 'ignore_ament_install'
[0.791s] Level 1:colcon.colcon_core.package_identification:_identify(.) by extensions ['colcon_pkg']
[0.791s] Level 1:colcon.colcon_core.package_identification:_identify(.) by extension 'colcon_pkg'
[0.791s] Level 1:colcon.colcon_core.package_identification:_identify(.) by extensions ['colcon_meta']
[0.791s] Level 1:colcon.colcon_core.package_identification:_identify(.) by extension 'colcon_meta'
[0.791s] Level 1:colcon.colcon_core.package_identification:_identify(.) by extensions ['ros']
[0.791s] Level 1:colcon.colcon_core.package_identification:_identify(.) by extension 'ros'
[0.829s] Level 1:colcon.colcon_core.package_identification:_identify(.) by extensions ['cmake', 'python']
[0.829s] Level 1:colcon.colcon_core.package_identification:_identify(.) by extension 'cmake'
[0.830s] Level 1:colcon.colcon_core.package_identification:_identify(.) by extension 'python'
[0.830s] Level 1:colcon.colcon_core.package_identification:_identify(.) by extensions ['python_setup_py']
[0.830s] Level 1:colcon.colcon_core.package_identification:_identify(.) by extension 'python_setup_py'
[0.830s] Level 1:colcon.colcon_core.package_identification:_identify(ackermann_teleop) by extensions ['ignore', 'ignore_ament_install']
[0.830s] Level 1:colcon.colcon_core.package_identification:_identify(ackermann_teleop) by extension 'ignore'
[0.830s] Level 1:colcon.colcon_core.package_identification:_identify(ackermann_teleop) by extension 'ignore_ament_install'
[0.830s] Level 1:colcon.colcon_core.package_identification:_identify(ackermann_teleop) by extensions ['colcon_pkg']
[0.831s] Level 1:colcon.colcon_core.package_identification:_identify(ackermann_teleop) by extension 'colcon_pkg'
[0.831s] Level 1:colcon.colcon_core.package_identification:_identify(ackermann_teleop) by extensions ['colcon_meta']
[0.831s] Level 1:colcon.colcon_core.package_identification:_identify(ackermann_teleop) by extension 'colcon_meta'
[0.831s] Level 1:colcon.colcon_core.package_identification:_identify(ackermann_teleop) by extensions ['ros']
[0.831s] Level 1:colcon.colcon_core.package_identification:_identify(ackermann_teleop) by extension 'ros'
[0.836s] DEBUG:colcon.colcon_core.package_identification:Package 'ackermann_teleop' with type 'ros.ament_python' and name 'ackermann_teleop'
[0.836s] Level 1:colcon.colcon_core.package_identification:_identify(ackermann_vehicle_description) by extensions ['ignore', 'ignore_ament_install']
[0.837s] Level 1:colcon.colcon_core.package_identification:_identify(ackermann_vehicle_description) by extension 'ignore'
[0.837s] Level 1:colcon.colcon_core.package_identification:_identify(ackermann_vehicle_description) by extension 'ignore_ament_install'
[0.837s] Level 1:colcon.colcon_core.package_identification:_identify(ackermann_vehicle_description) by extensions ['colcon_pkg']
[0.837s] Level 1:colcon.colcon_core.package_identification:_identify(ackermann_vehicle_description) by extension 'colcon_pkg'
[0.837s] Level 1:colcon.colcon_core.package_identification:_identify(ackermann_vehicle_description) by extensions ['colcon_meta']
[0.837s] Level 1:colcon.colcon_core.package_identification:_identify(ackermann_vehicle_description) by extension 'colcon_meta'
[0.838s] Level 1:colcon.colcon_core.package_identification:_identify(ackermann_vehicle_description) by extensions ['ros']
[0.838s] Level 1:colcon.colcon_core.package_identification:_identify(ackermann_vehicle_description) by extension 'ros'
[0.839s] DEBUG:colcon.colcon_core.package_identification:Package 'ackermann_vehicle_description' with type 'ros.ament_cmake' and name 'ackermann_vehicle_description'
[0.839s] Level 1:colcon.colcon_core.package_identification:_identify(build) by extensions ['ignore', 'ignore_ament_install']
[0.839s] Level 1:colcon.colcon_core.package_identification:_identify(build) by extension 'ignore'
[0.839s] Level 1:colcon.colcon_core.package_identification:_identify(build) ignored
[0.840s] Level 1:colcon.colcon_core.package_identification:_identify(install) by extensions ['ignore', 'ignore_ament_install']
[0.840s] Level 1:colcon.colcon_core.package_identification:_identify(install) by extension 'ignore'
[0.840s] Level 1:colcon.colcon_core.package_identification:_identify(install) ignored
[0.840s] Level 1:colcon.colcon_core.package_identification:_identify(log) by extensions ['ignore', 'ignore_ament_install']
[0.840s] Level 1:colcon.colcon_core.package_identification:_identify(log) by extension 'ignore'
[0.840s] Level 1:colcon.colcon_core.package_identification:_identify(log) ignored
[0.840s] Level 1:colcon.colcon_core.package_discovery:discover_packages(recursive) using defaults
[0.841s] Level 1:colcon.colcon_core.package_discovery:discover_packages(ignore) discover
[0.841s] Level 1:colcon.colcon_core.package_discovery:discover_packages(ignore) using defaults
[0.841s] Level 1:colcon.colcon_core.package_discovery:discover_packages(path) discover
[0.841s] Level 1:colcon.colcon_core.package_discovery:discover_packages(path) using defaults
[0.890s] Level 1:colcon.colcon_core.package_discovery:discover_packages(prefix_path) check parameters
[0.890s] Level 1:colcon.colcon_core.package_discovery:discover_packages(prefix_path) discover
[0.900s] DEBUG:colcon.colcon_installed_package_information.package_discovery:Found 334 installed packages in /opt/ros/humble
[0.905s] Level 1:colcon.colcon_core.package_discovery:discover_packages(prefix_path) using defaults
[1.011s] Level 5:colcon.colcon_core.verb:set package 'ackermann_teleop' build argument 'cmake_args' from command line to 'None'
[1.011s] Level 5:colcon.colcon_core.verb:set package 'ackermann_teleop' build argument 'cmake_target' from command line to 'None'
[1.011s] Level 5:colcon.colcon_core.verb:set package 'ackermann_teleop' build argument 'cmake_target_skip_unavailable' from command line to 'False'
[1.012s] Level 5:colcon.colcon_core.verb:set package 'ackermann_teleop' build argument 'cmake_clean_cache' from command line to 'False'
[1.012s] Level 5:colcon.colcon_core.verb:set package 'ackermann_teleop' build argument 'cmake_clean_first' from command line to 'False'
[1.012s] Level 5:colcon.colcon_core.verb:set package 'ackermann_teleop' build argument 'cmake_force_configure' from command line to 'False'
[1.012s] Level 5:colcon.colcon_core.verb:set package 'ackermann_teleop' build argument 'ament_cmake_args' from command line to 'None'
[1.012s] Level 5:colcon.colcon_core.verb:set package 'ackermann_teleop' build argument 'catkin_cmake_args' from command line to 'None'
[1.012s] Level 5:colcon.colcon_core.verb:set package 'ackermann_teleop' build argument 'catkin_skip_building_tests' from command line to 'False'
[1.012s] DEBUG:colcon.colcon_core.verb:Building package 'ackermann_teleop' with the following arguments: {'ament_cmake_args': None, 'build_base': '/home/artem/vechicle/src/ros_gazebo_car/build/ackermann_teleop', 'catkin_cmake_args': None, 'catkin_skip_building_tests': False, 'cmake_args': None, 'cmake_clean_cache': False, 'cmake_clean_first': False, 'cmake_force_configure': False, 'cmake_target': None, 'cmake_target_skip_unavailable': False, 'install_base': '/home/artem/vechicle/src/ros_gazebo_car/install/ackermann_teleop', 'merge_install': False, 'path': '/home/artem/vechicle/src/ros_gazebo_car/ackermann_teleop', 'symlink_install': False, 'test_result_base': None}
[1.013s] Level 5:colcon.colcon_core.verb:set package 'ackermann_vehicle_description' build argument 'cmake_args' from command line to 'None'
[1.013s] Level 5:colcon.colcon_core.verb:set package 'ackermann_vehicle_description' build argument 'cmake_target' from command line to 'None'
[1.013s] Level 5:colcon.colcon_core.verb:set package 'ackermann_vehicle_description' build argument 'cmake_target_skip_unavailable' from command line to 'False'
[1.013s] Level 5:colcon.colcon_core.verb:set package 'ackermann_vehicle_description' build argument 'cmake_clean_cache' from command line to 'False'
[1.014s] Level 5:colcon.colcon_core.verb:set package 'ackermann_vehicle_description' build argument 'cmake_clean_first' from command line to 'False'
[1.014s] Level 5:colcon.colcon_core.verb:set package 'ackermann_vehicle_description' build argument 'cmake_force_configure' from command line to 'False'
[1.014s] Level 5:colcon.colcon_core.verb:set package 'ackermann_vehicle_description' build argument 'ament_cmake_args' from command line to 'None'
[1.014s] Level 5:colcon.colcon_core.verb:set package 'ackermann_vehicle_description' build argument 'catkin_cmake_args' from command line to 'None'
[1.014s] Level 5:colcon.colcon_core.verb:set package 'ackermann_vehicle_description' build argument 'catkin_skip_building_tests' from command line to 'False'
[1.014s] DEBUG:colcon.colcon_core.verb:Building package 'ackermann_vehicle_description' with the following arguments: {'ament_cmake_args': None, 'build_base': '/home/artem/vechicle/src/ros_gazebo_car/build/ackermann_vehicle_description', 'catkin_cmake_args': None, 'catkin_skip_building_tests': False, 'cmake_args': None, 'cmake_clean_cache': False, 'cmake_clean_first': False, 'cmake_force_configure': False, 'cmake_target': None, 'cmake_target_skip_unavailable': False, 'install_base': '/home/artem/vechicle/src/ros_gazebo_car/install/ackermann_vehicle_description', 'merge_install': False, 'path': '/home/artem/vechicle/src/ros_gazebo_car/ackermann_vehicle_description', 'symlink_install': False, 'test_result_base': None}
[1.014s] INFO:colcon.colcon_core.executor:Executing jobs using 'parallel' executor
[1.016s] DEBUG:colcon.colcon_parallel_executor.executor.parallel:run_until_complete
[1.017s] INFO:colcon.colcon_ros.task.ament_python.build:Building ROS package in '/home/artem/vechicle/src/ros_gazebo_car/ackermann_teleop' with build type 'ament_python'
[1.017s] Level 1:colcon.colcon_core.shell:create_environment_hook('ackermann_teleop', 'ament_prefix_path')
[1.031s] INFO:colcon.colcon_core.plugin_system:Skipping extension 'colcon_core.shell.bat': Not used on non-Windows systems
[1.032s] INFO:colcon.colcon_core.shell:Creating environment hook '/home/artem/vechicle/src/ros_gazebo_car/install/ackermann_teleop/share/ackermann_teleop/hook/ament_prefix_path.ps1'
[1.035s] INFO:colcon.colcon_core.shell:Creating environment descriptor '/home/artem/vechicle/src/ros_gazebo_car/install/ackermann_teleop/share/ackermann_teleop/hook/ament_prefix_path.dsv'
[1.041s] INFO:colcon.colcon_core.shell:Creating environment hook '/home/artem/vechicle/src/ros_gazebo_car/install/ackermann_teleop/share/ackermann_teleop/hook/ament_prefix_path.sh'
[1.049s] INFO:colcon.colcon_core.shell:Skip shell extension 'powershell' for command environment: Not usable outside of PowerShell
[1.049s] DEBUG:colcon.colcon_core.shell:Skip shell extension 'dsv' for command environment
[1.056s] INFO:colcon.colcon_ros.task.ament_cmake.build:Building ROS package in '/home/artem/vechicle/src/ros_gazebo_car/ackermann_vehicle_description' with build type 'ament_cmake'
[1.056s] INFO:colcon.colcon_cmake.task.cmake.build:Building CMake package in '/home/artem/vechicle/src/ros_gazebo_car/ackermann_vehicle_description'
[1.056s] INFO:colcon.colcon_core.shell:Skip shell extension 'powershell' for command environment: Not usable outside of PowerShell
[1.057s] DEBUG:colcon.colcon_core.shell:Skip shell extension 'dsv' for command environment
[1.779s] INFO:colcon.colcon_core.task.python.build:Building Python package in '/home/artem/vechicle/src/ros_gazebo_car/ackermann_teleop'
[1.780s] INFO:colcon.colcon_core.shell:Skip shell extension 'powershell' for command environment: Not usable outside of PowerShell
[1.780s] DEBUG:colcon.colcon_core.shell:Skip shell extension 'dsv' for command environment
[1.793s] DEBUG:colcon.colcon_core.event_handler.log_command:Invoking command in '/home/artem/vechicle/src/ros_gazebo_car/build/ackermann_vehicle_description': CMAKE_PREFIX_PATH=/opt/ros/humble /usr/bin/cmake --build /home/artem/vechicle/src/ros_gazebo_car/build/ackermann_vehicle_description -- -j8 -l8
[2.773s] DEBUG:colcon.colcon_core.event_handler.log_command:Invoked command in '/home/artem/vechicle/src/ros_gazebo_car/build/ackermann_vehicle_description' returned '0': CMAKE_PREFIX_PATH=/opt/ros/humble /usr/bin/cmake --build /home/artem/vechicle/src/ros_gazebo_car/build/ackermann_vehicle_description -- -j8 -l8
[2.841s] DEBUG:colcon.colcon_core.event_handler.log_command:Invoking command in '/home/artem/vechicle/src/ros_gazebo_car/build/ackermann_vehicle_description': CMAKE_PREFIX_PATH=/opt/ros/humble /usr/bin/cmake --install /home/artem/vechicle/src/ros_gazebo_car/build/ackermann_vehicle_description
[2.906s] Level 1:colcon.colcon_core.environment:create_environment_scripts_only(ackermann_vehicle_description)
[2.908s] DEBUG:colcon.colcon_core.event_handler.log_command:Invoked command in '/home/artem/vechicle/src/ros_gazebo_car/build/ackermann_vehicle_description' returned '0': CMAKE_PREFIX_PATH=/opt/ros/humble /usr/bin/cmake --install /home/artem/vechicle/src/ros_gazebo_car/build/ackermann_vehicle_description
[2.927s] Level 1:colcon.colcon_core.environment:checking '/home/artem/vechicle/src/ros_gazebo_car/install/ackermann_vehicle_description' for CMake module files
[2.928s] Level 1:colcon.colcon_core.environment:checking '/home/artem/vechicle/src/ros_gazebo_car/install/ackermann_vehicle_description' for CMake config files
[2.929s] Level 1:colcon.colcon_core.shell:create_environment_hook('ackermann_vehicle_description', 'cmake_prefix_path')
[2.929s] INFO:colcon.colcon_core.shell:Creating environment hook '/home/artem/vechicle/src/ros_gazebo_car/install/ackermann_vehicle_description/share/ackermann_vehicle_description/hook/cmake_prefix_path.ps1'
[2.931s] INFO:colcon.colcon_core.shell:Creating environment descriptor '/home/artem/vechicle/src/ros_gazebo_car/install/ackermann_vehicle_description/share/ackermann_vehicle_description/hook/cmake_prefix_path.dsv'
[2.931s] INFO:colcon.colcon_core.shell:Creating environment hook '/home/artem/vechicle/src/ros_gazebo_car/install/ackermann_vehicle_description/share/ackermann_vehicle_description/hook/cmake_prefix_path.sh'
[2.933s] Level 1:colcon.colcon_core.environment:checking '/home/artem/vechicle/src/ros_gazebo_car/install/ackermann_vehicle_description/bin'
[2.934s] Level 1:colcon.colcon_core.environment:checking '/home/artem/vechicle/src/ros_gazebo_car/install/ackermann_vehicle_description/lib/pkgconfig/ackermann_vehicle_description.pc'
[2.934s] Level 1:colcon.colcon_core.environment:checking '/home/artem/vechicle/src/ros_gazebo_car/install/ackermann_vehicle_description/lib/python3.10/site-packages'
[2.935s] Level 1:colcon.colcon_core.environment:checking '/home/artem/vechicle/src/ros_gazebo_car/install/ackermann_vehicle_description/bin'
[2.936s] INFO:colcon.colcon_core.shell:Creating package script '/home/artem/vechicle/src/ros_gazebo_car/install/ackermann_vehicle_description/share/ackermann_vehicle_description/package.ps1'
[2.938s] INFO:colcon.colcon_core.shell:Creating package descriptor '/home/artem/vechicle/src/ros_gazebo_car/install/ackermann_vehicle_description/share/ackermann_vehicle_description/package.dsv'
[2.945s] INFO:colcon.colcon_core.shell:Creating package script '/home/artem/vechicle/src/ros_gazebo_car/install/ackermann_vehicle_description/share/ackermann_vehicle_description/package.sh'
[2.952s] INFO:colcon.colcon_core.shell:Creating package script '/home/artem/vechicle/src/ros_gazebo_car/install/ackermann_vehicle_description/share/ackermann_vehicle_description/package.bash'
[2.955s] INFO:colcon.colcon_core.shell:Creating package script '/home/artem/vechicle/src/ros_gazebo_car/install/ackermann_vehicle_description/share/ackermann_vehicle_description/package.zsh'
[2.958s] Level 1:colcon.colcon_core.environment:create_file_with_runtime_dependencies(/home/artem/vechicle/src/ros_gazebo_car/install/ackermann_vehicle_description/share/colcon-core/packages/ackermann_vehicle_description)
[3.011s] Level 1:colcon.colcon_core.environment:create_environment_scripts_only(ackermann_vehicle_description)
[3.012s] Level 1:colcon.colcon_core.environment:checking '/home/artem/vechicle/src/ros_gazebo_car/install/ackermann_vehicle_description' for CMake module files
[3.014s] Level 1:colcon.colcon_core.environment:checking '/home/artem/vechicle/src/ros_gazebo_car/install/ackermann_vehicle_description' for CMake config files
[3.014s] Level 1:colcon.colcon_core.shell:create_environment_hook('ackermann_vehicle_description', 'cmake_prefix_path')
[3.015s] INFO:colcon.colcon_core.shell:Creating environment hook '/home/artem/vechicle/src/ros_gazebo_car/install/ackermann_vehicle_description/share/ackermann_vehicle_description/hook/cmake_prefix_path.ps1'
[3.016s] INFO:colcon.colcon_core.shell:Creating environment descriptor '/home/artem/vechicle/src/ros_gazebo_car/install/ackermann_vehicle_description/share/ackermann_vehicle_description/hook/cmake_prefix_path.dsv'
[3.017s] INFO:colcon.colcon_core.shell:Creating environment hook '/home/artem/vechicle/src/ros_gazebo_car/install/ackermann_vehicle_description/share/ackermann_vehicle_description/hook/cmake_prefix_path.sh'
[3.019s] Level 1:colcon.colcon_core.environment:checking '/home/artem/vechicle/src/ros_gazebo_car/install/ackermann_vehicle_description/bin'
[3.019s] Level 1:colcon.colcon_core.environment:checking '/home/artem/vechicle/src/ros_gazebo_car/install/ackermann_vehicle_description/lib/pkgconfig/ackermann_vehicle_description.pc'
[3.020s] Level 1:colcon.colcon_core.environment:checking '/home/artem/vechicle/src/ros_gazebo_car/install/ackermann_vehicle_description/lib/python3.10/site-packages'
[3.020s] Level 1:colcon.colcon_core.environment:checking '/home/artem/vechicle/src/ros_gazebo_car/install/ackermann_vehicle_description/bin'
[3.021s] INFO:colcon.colcon_core.shell:Creating package script '/home/artem/vechicle/src/ros_gazebo_car/install/ackermann_vehicle_description/share/ackermann_vehicle_description/package.ps1'
[3.023s] INFO:colcon.colcon_core.shell:Creating package descriptor '/home/artem/vechicle/src/ros_gazebo_car/install/ackermann_vehicle_description/share/ackermann_vehicle_description/package.dsv'
[3.024s] INFO:colcon.colcon_core.shell:Creating package script '/home/artem/vechicle/src/ros_gazebo_car/install/ackermann_vehicle_description/share/ackermann_vehicle_description/package.sh'
[3.026s] INFO:colcon.colcon_core.shell:Creating package script '/home/artem/vechicle/src/ros_gazebo_car/install/ackermann_vehicle_description/share/ackermann_vehicle_description/package.bash'
[3.026s] INFO:colcon.colcon_core.shell:Creating package script '/home/artem/vechicle/src/ros_gazebo_car/install/ackermann_vehicle_description/share/ackermann_vehicle_description/package.zsh'
[3.027s] Level 1:colcon.colcon_core.environment:create_file_with_runtime_dependencies(/home/artem/vechicle/src/ros_gazebo_car/install/ackermann_vehicle_description/share/colcon-core/packages/ackermann_vehicle_description)
[3.678s] DEBUG:colcon.colcon_core.event_handler.log_command:Invoking command in '/home/artem/vechicle/src/ros_gazebo_car/ackermann_teleop': PYTHONPATH=/home/artem/vechicle/src/ros_gazebo_car/build/ackermann_teleop/prefix_override:/home/artem/vechicle/src/ros_gazebo_car/install/ackermann_teleop/lib/python3.10/site-packages:${PYTHONPATH} /usr/bin/python3 -W ignore:setup.py install is deprecated setup.py egg_info --egg-base ../build/ackermann_teleop build --build-base /home/artem/vechicle/src/ros_gazebo_car/build/ackermann_teleop/build install --record /home/artem/vechicle/src/ros_gazebo_car/build/ackermann_teleop/install.log --single-version-externally-managed install_data
[4.461s] Level 1:colcon.colcon_core.environment:checking '/home/artem/vechicle/src/ros_gazebo_car/install/ackermann_teleop' for CMake module files
[4.462s] DEBUG:colcon.colcon_core.event_handler.log_command:Invoked command in '/home/artem/vechicle/src/ros_gazebo_car/ackermann_teleop' returned '0': PYTHONPATH=/home/artem/vechicle/src/ros_gazebo_car/build/ackermann_teleop/prefix_override:/home/artem/vechicle/src/ros_gazebo_car/install/ackermann_teleop/lib/python3.10/site-packages:${PYTHONPATH} /usr/bin/python3 -W ignore:setup.py install is deprecated setup.py egg_info --egg-base ../build/ackermann_teleop build --build-base /home/artem/vechicle/src/ros_gazebo_car/build/ackermann_teleop/build install --record /home/artem/vechicle/src/ros_gazebo_car/build/ackermann_teleop/install.log --single-version-externally-managed install_data
[4.463s] Level 1:colcon.colcon_core.environment:checking '/home/artem/vechicle/src/ros_gazebo_car/install/ackermann_teleop' for CMake config files
[4.464s] Level 1:colcon.colcon_core.environment:checking '/home/artem/vechicle/src/ros_gazebo_car/install/ackermann_teleop/lib'
[4.465s] Level 1:colcon.colcon_core.environment:checking '/home/artem/vechicle/src/ros_gazebo_car/install/ackermann_teleop/bin'
[4.465s] Level 1:colcon.colcon_core.environment:checking '/home/artem/vechicle/src/ros_gazebo_car/install/ackermann_teleop/lib/pkgconfig/ackermann_teleop.pc'
[4.466s] Level 1:colcon.colcon_core.environment:checking '/home/artem/vechicle/src/ros_gazebo_car/install/ackermann_teleop/lib/python3.10/site-packages'
[4.466s] Level 1:colcon.colcon_core.shell:create_environment_hook('ackermann_teleop', 'pythonpath')
[4.466s] INFO:colcon.colcon_core.shell:Creating environment hook '/home/artem/vechicle/src/ros_gazebo_car/install/ackermann_teleop/share/ackermann_teleop/hook/pythonpath.ps1'
[4.467s] INFO:colcon.colcon_core.shell:Creating environment descriptor '/home/artem/vechicle/src/ros_gazebo_car/install/ackermann_teleop/share/ackermann_teleop/hook/pythonpath.dsv'
[4.468s] INFO:colcon.colcon_core.shell:Creating environment hook '/home/artem/vechicle/src/ros_gazebo_car/install/ackermann_teleop/share/ackermann_teleop/hook/pythonpath.sh'
[4.469s] Level 1:colcon.colcon_core.environment:checking '/home/artem/vechicle/src/ros_gazebo_car/install/ackermann_teleop/bin'
[4.469s] Level 1:colcon.colcon_core.environment:create_environment_scripts_only(ackermann_teleop)
[4.470s] INFO:colcon.colcon_core.shell:Creating package script '/home/artem/vechicle/src/ros_gazebo_car/install/ackermann_teleop/share/ackermann_teleop/package.ps1'
[4.471s] INFO:colcon.colcon_core.shell:Creating package descriptor '/home/artem/vechicle/src/ros_gazebo_car/install/ackermann_teleop/share/ackermann_teleop/package.dsv'
[4.471s] INFO:colcon.colcon_core.shell:Creating package script '/home/artem/vechicle/src/ros_gazebo_car/install/ackermann_teleop/share/ackermann_teleop/package.sh'
[4.472s] INFO:colcon.colcon_core.shell:Creating package script '/home/artem/vechicle/src/ros_gazebo_car/install/ackermann_teleop/share/ackermann_teleop/package.bash'
[4.473s] INFO:colcon.colcon_core.shell:Creating package script '/home/artem/vechicle/src/ros_gazebo_car/install/ackermann_teleop/share/ackermann_teleop/package.zsh'
[4.473s] Level 1:colcon.colcon_core.environment:create_file_with_runtime_dependencies(/home/artem/vechicle/src/ros_gazebo_car/install/ackermann_teleop/share/colcon-core/packages/ackermann_teleop)
[4.474s] DEBUG:colcon.colcon_parallel_executor.executor.parallel:closing loop
[4.474s] DEBUG:colcon.colcon_parallel_executor.executor.parallel:loop closed
[4.475s] DEBUG:colcon.colcon_parallel_executor.executor.parallel:run_until_complete finished with '0'
[4.475s] DEBUG:colcon.colcon_core.event_reactor:joining thread
[4.489s] INFO:colcon.colcon_core.plugin_system:Skipping extension 'colcon_notification.desktop_notification.terminal_notifier': Not used on non-Darwin systems
[4.489s] INFO:colcon.colcon_core.plugin_system:Skipping extension 'colcon_notification.desktop_notification.win32': Not used on non-Windows systems
[4.489s] INFO:colcon.colcon_notification.desktop_notification:Sending desktop notification using 'notify2'
[4.530s] DEBUG:colcon.colcon_core.event_reactor:joined thread
[4.531s] INFO:colcon.colcon_core.shell:Creating prefix script '/home/artem/vechicle/src/ros_gazebo_car/install/local_setup.ps1'
[4.534s] INFO:colcon.colcon_core.shell:Creating prefix util module '/home/artem/vechicle/src/ros_gazebo_car/install/_local_setup_util_ps1.py'
[4.540s] INFO:colcon.colcon_core.shell:Creating prefix chain script '/home/artem/vechicle/src/ros_gazebo_car/install/setup.ps1'
[4.544s] INFO:colcon.colcon_core.shell:Creating prefix script '/home/artem/vechicle/src/ros_gazebo_car/install/local_setup.sh'
[4.552s] INFO:colcon.colcon_core.shell:Creating prefix util module '/home/artem/vechicle/src/ros_gazebo_car/install/_local_setup_util_sh.py'
[4.553s] INFO:colcon.colcon_core.shell:Creating prefix chain script '/home/artem/vechicle/src/ros_gazebo_car/install/setup.sh'
[4.560s] INFO:colcon.colcon_core.shell:Creating prefix script '/home/artem/vechicle/src/ros_gazebo_car/install/local_setup.bash'
[4.562s] INFO:colcon.colcon_core.shell:Creating prefix chain script '/home/artem/vechicle/src/ros_gazebo_car/install/setup.bash'
[4.566s] INFO:colcon.colcon_core.shell:Creating prefix script '/home/artem/vechicle/src/ros_gazebo_car/install/local_setup.zsh'
[4.568s] INFO:colcon.colcon_core.shell:Creating prefix chain script '/home/artem/vechicle/src/ros_gazebo_car/install/setup.zsh'
