[0.131s] DEBUG:colcon:Command line arguments: ['/usr/bin/colcon', 'build']
[0.131s] DEBUG:colcon:Parsed command line arguments: Namespace(log_base=None, log_level=None, verb_name='build', build_base='build', install_base='install', merge_install=False, symlink_install=False, test_result_base=None, continue_on_error=False, executor='parallel', parallel_workers=8, event_handlers=None, ignore_user_meta=False, metas=['./colcon.meta'], base_paths=['.'], packages_ignore=None, packages_ignore_regex=None, paths=None, packages_up_to=None, packages_up_to_regex=None, packages_above=None, packages_above_and_dependencies=None, packages_above_depth=None, packages_select_by_dep=None, packages_skip_by_dep=None, packages_skip_up_to=None, packages_select_build_failed=False, packages_skip_build_finished=False, packages_select_test_failures=False, packages_skip_test_passed=False, packages_select=None, packages_skip=None, packages_select_regex=None, packages_skip_regex=None, packages_start=None, packages_end=None, allow_overriding=[], cmake_args=None, cmake_target=None, cmake_target_skip_unavailable=False, cmake_clean_cache=False, cmake_clean_first=False, cmake_force_configure=False, ament_cmake_args=None, catkin_cmake_args=None, catkin_skip_building_tests=False, mixin_files=None, mixin=None, verb_parser=<colcon_mixin.mixin.mixin_argument.MixinArgumentDecorator object at 0x77541437a860>, verb_extension=<colcon_core.verb.build.BuildVerb object at 0x775414487010>, main=<bound method BuildVerb.main of <colcon_core.verb.build.BuildVerb object at 0x775414487010>>, mixin_verb=('build',))
[0.376s] Level 1:colcon.colcon_core.package_discovery:discover_packages(colcon_meta) check parameters
[0.377s] Level 1:colcon.colcon_core.package_discovery:discover_packages(recursive) check parameters
[0.377s] Level 1:colcon.colcon_core.package_discovery:discover_packages(ignore) check parameters
[0.377s] Level 1:colcon.colcon_core.package_discovery:discover_packages(path) check parameters
[0.377s] Level 1:colcon.colcon_core.package_discovery:discover_packages(colcon_meta) discover
[0.377s] Level 1:colcon.colcon_core.package_discovery:discover_packages(recursive) discover
[0.377s] INFO:colcon.colcon_core.package_discovery:Crawling recursively for packages in '/home/artem/vechicle/src/ros_gazebo_car'
[0.377s] Level 1:colcon.colcon_core.package_identification:_identify(.) by extensions ['ignore', 'ignore_ament_install']
[0.377s] Level 1:colcon.colcon_core.package_identification:_identify(.) by extension 'ignore'
[0.377s] Level 1:colcon.colcon_core.package_identification:_identify(.) by extension 'ignore_ament_install'
[0.377s] Level 1:colcon.colcon_core.package_identification:_identify(.) by extensions ['colcon_pkg']
[0.377s] Level 1:colcon.colcon_core.package_identification:_identify(.) by extension 'colcon_pkg'
[0.377s] Level 1:colcon.colcon_core.package_identification:_identify(.) by extensions ['colcon_meta']
[0.377s] Level 1:colcon.colcon_core.package_identification:_identify(.) by extension 'colcon_meta'
[0.377s] Level 1:colcon.colcon_core.package_identification:_identify(.) by extensions ['ros']
[0.377s] Level 1:colcon.colcon_core.package_identification:_identify(.) by extension 'ros'
[0.396s] Level 1:colcon.colcon_core.package_identification:_identify(.) by extensions ['cmake', 'python']
[0.396s] Level 1:colcon.colcon_core.package_identification:_identify(.) by extension 'cmake'
[0.396s] Level 1:colcon.colcon_core.package_identification:_identify(.) by extension 'python'
[0.396s] Level 1:colcon.colcon_core.package_identification:_identify(.) by extensions ['python_setup_py']
[0.396s] Level 1:colcon.colcon_core.package_identification:_identify(.) by extension 'python_setup_py'
[0.396s] Level 1:colcon.colcon_core.package_identification:_identify(ackermann_vehicle_description) by extensions ['ignore', 'ignore_ament_install']
[0.396s] Level 1:colcon.colcon_core.package_identification:_identify(ackermann_vehicle_description) by extension 'ignore'
[0.396s] Level 1:colcon.colcon_core.package_identification:_identify(ackermann_vehicle_description) by extension 'ignore_ament_install'
[0.396s] Level 1:colcon.colcon_core.package_identification:_identify(ackermann_vehicle_description) by extensions ['colcon_pkg']
[0.396s] Level 1:colcon.colcon_core.package_identification:_identify(ackermann_vehicle_description) by extension 'colcon_pkg'
[0.397s] Level 1:colcon.colcon_core.package_identification:_identify(ackermann_vehicle_description) by extensions ['colcon_meta']
[0.397s] Level 1:colcon.colcon_core.package_identification:_identify(ackermann_vehicle_description) by extension 'colcon_meta'
[0.397s] Level 1:colcon.colcon_core.package_identification:_identify(ackermann_vehicle_description) by extensions ['ros']
[0.397s] Level 1:colcon.colcon_core.package_identification:_identify(ackermann_vehicle_description) by extension 'ros'
[0.399s] DEBUG:colcon.colcon_core.package_identification:Package 'ackermann_vehicle_description' with type 'ros.ament_cmake' and name 'ackermann_vehicle_description'
[0.399s] Level 1:colcon.colcon_core.package_identification:_identify(build) by extensions ['ignore', 'ignore_ament_install']
[0.399s] Level 1:colcon.colcon_core.package_identification:_identify(build) by extension 'ignore'
[0.399s] Level 1:colcon.colcon_core.package_identification:_identify(build) ignored
[0.400s] Level 1:colcon.colcon_core.package_identification:_identify(install) by extensions ['ignore', 'ignore_ament_install']
[0.400s] Level 1:colcon.colcon_core.package_identification:_identify(install) by extension 'ignore'
[0.400s] Level 1:colcon.colcon_core.package_identification:_identify(install) ignored
[0.400s] Level 1:colcon.colcon_core.package_identification:_identify(log) by extensions ['ignore', 'ignore_ament_install']
[0.400s] Level 1:colcon.colcon_core.package_identification:_identify(log) by extension 'ignore'
[0.400s] Level 1:colcon.colcon_core.package_identification:_identify(log) ignored
[0.400s] Level 1:colcon.colcon_core.package_discovery:discover_packages(recursive) using defaults
[0.400s] Level 1:colcon.colcon_core.package_discovery:discover_packages(ignore) discover
[0.400s] Level 1:colcon.colcon_core.package_discovery:discover_packages(ignore) using defaults
[0.400s] Level 1:colcon.colcon_core.package_discovery:discover_packages(path) discover
[0.400s] Level 1:colcon.colcon_core.package_discovery:discover_packages(path) using defaults
[0.422s] Level 1:colcon.colcon_core.package_discovery:discover_packages(prefix_path) check parameters
[0.422s] Level 1:colcon.colcon_core.package_discovery:discover_packages(prefix_path) discover
[0.423s] DEBUG:colcon.colcon_installed_package_information.package_discovery:Found 1 installed packages in /home/artem/vechicle/install
[0.424s] DEBUG:colcon.colcon_installed_package_information.package_discovery:Found 1 installed packages in /home/artem/ws_test_robot/install
[0.424s] DEBUG:colcon.colcon_installed_package_information.package_discovery:Found 1 installed packages in /home/artem/ws_sfedu_test_robot/install
[0.425s] DEBUG:colcon.colcon_installed_package_information.package_discovery:Found 290 installed packages in /opt/ros/humble
[0.426s] Level 1:colcon.colcon_core.package_discovery:discover_packages(prefix_path) using defaults
[0.469s] Level 5:colcon.colcon_core.verb:set package 'ackermann_vehicle_description' build argument 'cmake_args' from command line to 'None'
[0.469s] Level 5:colcon.colcon_core.verb:set package 'ackermann_vehicle_description' build argument 'cmake_target' from command line to 'None'
[0.469s] Level 5:colcon.colcon_core.verb:set package 'ackermann_vehicle_description' build argument 'cmake_target_skip_unavailable' from command line to 'False'
[0.469s] Level 5:colcon.colcon_core.verb:set package 'ackermann_vehicle_description' build argument 'cmake_clean_cache' from command line to 'False'
[0.469s] Level 5:colcon.colcon_core.verb:set package 'ackermann_vehicle_description' build argument 'cmake_clean_first' from command line to 'False'
[0.469s] Level 5:colcon.colcon_core.verb:set package 'ackermann_vehicle_description' build argument 'cmake_force_configure' from command line to 'False'
[0.469s] Level 5:colcon.colcon_core.verb:set package 'ackermann_vehicle_description' build argument 'ament_cmake_args' from command line to 'None'
[0.469s] Level 5:colcon.colcon_core.verb:set package 'ackermann_vehicle_description' build argument 'catkin_cmake_args' from command line to 'None'
[0.470s] Level 5:colcon.colcon_core.verb:set package 'ackermann_vehicle_description' build argument 'catkin_skip_building_tests' from command line to 'False'
[0.470s] DEBUG:colcon.colcon_core.verb:Building package 'ackermann_vehicle_description' with the following arguments: {'ament_cmake_args': None, 'build_base': '/home/artem/vechicle/src/ros_gazebo_car/build/ackermann_vehicle_description', 'catkin_cmake_args': None, 'catkin_skip_building_tests': False, 'cmake_args': None, 'cmake_clean_cache': False, 'cmake_clean_first': False, 'cmake_force_configure': False, 'cmake_target': None, 'cmake_target_skip_unavailable': False, 'install_base': '/home/artem/vechicle/src/ros_gazebo_car/install/ackermann_vehicle_description', 'merge_install': False, 'path': '/home/artem/vechicle/src/ros_gazebo_car/ackermann_vehicle_description', 'symlink_install': False, 'test_result_base': None}
[0.470s] INFO:colcon.colcon_core.executor:Executing jobs using 'parallel' executor
[0.471s] DEBUG:colcon.colcon_parallel_executor.executor.parallel:run_until_complete
[0.471s] INFO:colcon.colcon_ros.task.ament_cmake.build:Building ROS package in '/home/artem/vechicle/src/ros_gazebo_car/ackermann_vehicle_description' with build type 'ament_cmake'
[0.471s] INFO:colcon.colcon_cmake.task.cmake.build:Building CMake package in '/home/artem/vechicle/src/ros_gazebo_car/ackermann_vehicle_description'
[0.474s] INFO:colcon.colcon_core.plugin_system:Skipping extension 'colcon_core.shell.bat': Not used on non-Windows systems
[0.474s] INFO:colcon.colcon_core.shell:Skip shell extension 'powershell' for command environment: Not usable outside of PowerShell
[0.474s] DEBUG:colcon.colcon_core.shell:Skip shell extension 'dsv' for command environment
[0.486s] DEBUG:colcon.colcon_core.event_handler.log_command:Invoking command in '/home/artem/vechicle/src/ros_gazebo_car/build/ackermann_vehicle_description': CMAKE_PREFIX_PATH=${CMAKE_PREFIX_PATH}:/opt/ros/humble /usr/bin/cmake /home/artem/vechicle/src/ros_gazebo_car/ackermann_vehicle_description -DCMAKE_INSTALL_PREFIX=/home/artem/vechicle/src/ros_gazebo_car/install/ackermann_vehicle_description
[1.372s] DEBUG:colcon.colcon_core.event_handler.log_command:Invoked command in '/home/artem/vechicle/src/ros_gazebo_car/build/ackermann_vehicle_description' returned '0': CMAKE_PREFIX_PATH=${CMAKE_PREFIX_PATH}:/opt/ros/humble /usr/bin/cmake /home/artem/vechicle/src/ros_gazebo_car/ackermann_vehicle_description -DCMAKE_INSTALL_PREFIX=/home/artem/vechicle/src/ros_gazebo_car/install/ackermann_vehicle_description
[1.374s] DEBUG:colcon.colcon_core.event_handler.log_command:Invoking command in '/home/artem/vechicle/src/ros_gazebo_car/build/ackermann_vehicle_description': CMAKE_PREFIX_PATH=${CMAKE_PREFIX_PATH}:/opt/ros/humble /usr/bin/cmake --build /home/artem/vechicle/src/ros_gazebo_car/build/ackermann_vehicle_description -- -j8 -l8
[1.426s] DEBUG:colcon.colcon_core.event_handler.log_command:Invoked command in '/home/artem/vechicle/src/ros_gazebo_car/build/ackermann_vehicle_description' returned '0': CMAKE_PREFIX_PATH=${CMAKE_PREFIX_PATH}:/opt/ros/humble /usr/bin/cmake --build /home/artem/vechicle/src/ros_gazebo_car/build/ackermann_vehicle_description -- -j8 -l8
[1.476s] DEBUG:colcon.colcon_core.event_handler.log_command:Invoking command in '/home/artem/vechicle/src/ros_gazebo_car/build/ackermann_vehicle_description': CMAKE_PREFIX_PATH=${CMAKE_PREFIX_PATH}:/opt/ros/humble /usr/bin/cmake --install /home/artem/vechicle/src/ros_gazebo_car/build/ackermann_vehicle_description
[1.495s] Level 1:colcon.colcon_core.environment:create_environment_scripts_only(ackermann_vehicle_description)
[1.496s] DEBUG:colcon.colcon_core.event_handler.log_command:Invoked command in '/home/artem/vechicle/src/ros_gazebo_car/build/ackermann_vehicle_description' returned '0': CMAKE_PREFIX_PATH=${CMAKE_PREFIX_PATH}:/opt/ros/humble /usr/bin/cmake --install /home/artem/vechicle/src/ros_gazebo_car/build/ackermann_vehicle_description
[1.499s] Level 1:colcon.colcon_core.environment:checking '/home/artem/vechicle/src/ros_gazebo_car/install/ackermann_vehicle_description' for CMake module files
[1.500s] Level 1:colcon.colcon_core.environment:checking '/home/artem/vechicle/src/ros_gazebo_car/install/ackermann_vehicle_description' for CMake config files
[1.500s] Level 1:colcon.colcon_core.shell:create_environment_hook('ackermann_vehicle_description', 'cmake_prefix_path')
[1.501s] INFO:colcon.colcon_core.shell:Creating environment hook '/home/artem/vechicle/src/ros_gazebo_car/install/ackermann_vehicle_description/share/ackermann_vehicle_description/hook/cmake_prefix_path.ps1'
[1.503s] INFO:colcon.colcon_core.shell:Creating environment descriptor '/home/artem/vechicle/src/ros_gazebo_car/install/ackermann_vehicle_description/share/ackermann_vehicle_description/hook/cmake_prefix_path.dsv'
[1.504s] INFO:colcon.colcon_core.shell:Creating environment hook '/home/artem/vechicle/src/ros_gazebo_car/install/ackermann_vehicle_description/share/ackermann_vehicle_description/hook/cmake_prefix_path.sh'
[1.506s] Level 1:colcon.colcon_core.environment:checking '/home/artem/vechicle/src/ros_gazebo_car/install/ackermann_vehicle_description/bin'
[1.506s] Level 1:colcon.colcon_core.environment:checking '/home/artem/vechicle/src/ros_gazebo_car/install/ackermann_vehicle_description/lib/pkgconfig/ackermann_vehicle_description.pc'
[1.507s] Level 1:colcon.colcon_core.environment:checking '/home/artem/vechicle/src/ros_gazebo_car/install/ackermann_vehicle_description/lib/python3.10/site-packages'
[1.507s] Level 1:colcon.colcon_core.environment:checking '/home/artem/vechicle/src/ros_gazebo_car/install/ackermann_vehicle_description/bin'
[1.508s] INFO:colcon.colcon_core.shell:Creating package script '/home/artem/vechicle/src/ros_gazebo_car/install/ackermann_vehicle_description/share/ackermann_vehicle_description/package.ps1'
[1.509s] INFO:colcon.colcon_core.shell:Creating package descriptor '/home/artem/vechicle/src/ros_gazebo_car/install/ackermann_vehicle_description/share/ackermann_vehicle_description/package.dsv'
[1.510s] INFO:colcon.colcon_core.shell:Creating package script '/home/artem/vechicle/src/ros_gazebo_car/install/ackermann_vehicle_description/share/ackermann_vehicle_description/package.sh'
[1.511s] INFO:colcon.colcon_core.shell:Creating package script '/home/artem/vechicle/src/ros_gazebo_car/install/ackermann_vehicle_description/share/ackermann_vehicle_description/package.bash'
[1.512s] INFO:colcon.colcon_core.shell:Creating package script '/home/artem/vechicle/src/ros_gazebo_car/install/ackermann_vehicle_description/share/ackermann_vehicle_description/package.zsh'
[1.513s] Level 1:colcon.colcon_core.environment:create_file_with_runtime_dependencies(/home/artem/vechicle/src/ros_gazebo_car/install/ackermann_vehicle_description/share/colcon-core/packages/ackermann_vehicle_description)
[1.544s] Level 1:colcon.colcon_core.environment:create_environment_scripts_only(ackermann_vehicle_description)
[1.545s] Level 1:colcon.colcon_core.environment:checking '/home/artem/vechicle/src/ros_gazebo_car/install/ackermann_vehicle_description' for CMake module files
[1.545s] Level 1:colcon.colcon_core.environment:checking '/home/artem/vechicle/src/ros_gazebo_car/install/ackermann_vehicle_description' for CMake config files
[1.546s] Level 1:colcon.colcon_core.shell:create_environment_hook('ackermann_vehicle_description', 'cmake_prefix_path')
[1.546s] INFO:colcon.colcon_core.shell:Creating environment hook '/home/artem/vechicle/src/ros_gazebo_car/install/ackermann_vehicle_description/share/ackermann_vehicle_description/hook/cmake_prefix_path.ps1'
[1.547s] INFO:colcon.colcon_core.shell:Creating environment descriptor '/home/artem/vechicle/src/ros_gazebo_car/install/ackermann_vehicle_description/share/ackermann_vehicle_description/hook/cmake_prefix_path.dsv'
[1.547s] INFO:colcon.colcon_core.shell:Creating environment hook '/home/artem/vechicle/src/ros_gazebo_car/install/ackermann_vehicle_description/share/ackermann_vehicle_description/hook/cmake_prefix_path.sh'
[1.547s] Level 1:colcon.colcon_core.environment:checking '/home/artem/vechicle/src/ros_gazebo_car/install/ackermann_vehicle_description/bin'
[1.548s] Level 1:colcon.colcon_core.environment:checking '/home/artem/vechicle/src/ros_gazebo_car/install/ackermann_vehicle_description/lib/pkgconfig/ackermann_vehicle_description.pc'
[1.548s] Level 1:colcon.colcon_core.environment:checking '/home/artem/vechicle/src/ros_gazebo_car/install/ackermann_vehicle_description/lib/python3.10/site-packages'
[1.548s] Level 1:colcon.colcon_core.environment:checking '/home/artem/vechicle/src/ros_gazebo_car/install/ackermann_vehicle_description/bin'
[1.549s] INFO:colcon.colcon_core.shell:Creating package script '/home/artem/vechicle/src/ros_gazebo_car/install/ackermann_vehicle_description/share/ackermann_vehicle_description/package.ps1'
[1.549s] INFO:colcon.colcon_core.shell:Creating package descriptor '/home/artem/vechicle/src/ros_gazebo_car/install/ackermann_vehicle_description/share/ackermann_vehicle_description/package.dsv'
[1.550s] INFO:colcon.colcon_core.shell:Creating package script '/home/artem/vechicle/src/ros_gazebo_car/install/ackermann_vehicle_description/share/ackermann_vehicle_description/package.sh'
[1.550s] INFO:colcon.colcon_core.shell:Creating package script '/home/artem/vechicle/src/ros_gazebo_car/install/ackermann_vehicle_description/share/ackermann_vehicle_description/package.bash'
[1.551s] INFO:colcon.colcon_core.shell:Creating package script '/home/artem/vechicle/src/ros_gazebo_car/install/ackermann_vehicle_description/share/ackermann_vehicle_description/package.zsh'
[1.552s] Level 1:colcon.colcon_core.environment:create_file_with_runtime_dependencies(/home/artem/vechicle/src/ros_gazebo_car/install/ackermann_vehicle_description/share/colcon-core/packages/ackermann_vehicle_description)
[1.552s] DEBUG:colcon.colcon_parallel_executor.executor.parallel:closing loop
[1.552s] DEBUG:colcon.colcon_parallel_executor.executor.parallel:loop closed
[1.553s] DEBUG:colcon.colcon_parallel_executor.executor.parallel:run_until_complete finished with '0'
[1.553s] DEBUG:colcon.colcon_core.event_reactor:joining thread
[1.559s] INFO:colcon.colcon_core.plugin_system:Skipping extension 'colcon_notification.desktop_notification.terminal_notifier': Not used on non-Darwin systems
[1.559s] INFO:colcon.colcon_core.plugin_system:Skipping extension 'colcon_notification.desktop_notification.win32': Not used on non-Windows systems
[1.559s] INFO:colcon.colcon_notification.desktop_notification:Sending desktop notification using 'notify2'
[1.577s] DEBUG:colcon.colcon_core.event_reactor:joined thread
[1.578s] INFO:colcon.colcon_core.shell:Creating prefix script '/home/artem/vechicle/src/ros_gazebo_car/install/local_setup.ps1'
[1.579s] INFO:colcon.colcon_core.shell:Creating prefix util module '/home/artem/vechicle/src/ros_gazebo_car/install/_local_setup_util_ps1.py'
[1.583s] INFO:colcon.colcon_core.shell:Creating prefix chain script '/home/artem/vechicle/src/ros_gazebo_car/install/setup.ps1'
[1.585s] INFO:colcon.colcon_core.shell:Creating prefix script '/home/artem/vechicle/src/ros_gazebo_car/install/local_setup.sh'
[1.586s] INFO:colcon.colcon_core.shell:Creating prefix util module '/home/artem/vechicle/src/ros_gazebo_car/install/_local_setup_util_sh.py'
[1.587s] INFO:colcon.colcon_core.shell:Creating prefix chain script '/home/artem/vechicle/src/ros_gazebo_car/install/setup.sh'
[1.589s] INFO:colcon.colcon_core.shell:Creating prefix script '/home/artem/vechicle/src/ros_gazebo_car/install/local_setup.bash'
[1.590s] INFO:colcon.colcon_core.shell:Creating prefix chain script '/home/artem/vechicle/src/ros_gazebo_car/install/setup.bash'
[1.593s] INFO:colcon.colcon_core.shell:Creating prefix script '/home/artem/vechicle/src/ros_gazebo_car/install/local_setup.zsh'
[1.594s] INFO:colcon.colcon_core.shell:Creating prefix chain script '/home/artem/vechicle/src/ros_gazebo_car/install/setup.zsh'
