[3.442s] Invoking command in '/home/artem/vechicle/src/ros_gazebo_car/build/ackermann_vehicle_description': CMAKE_PREFIX_PATH=${CMAKE_PREFIX_PATH}:/home/artem/vechicle/install/ackermann_teleop:/opt/ros/humble /usr/bin/cmake --build /home/artem/vechicle/src/ros_gazebo_car/build/ackermann_vehicle_description -- -j8 -l8
[3.739s] -- Found ament_cmake: 1.3.9 (/opt/ros/humble/share/ament_cmake/cmake)
[5.281s] -- Found xacro: 2.0.8 (/opt/ros/humble/share/xacro/cmake)
[6.163s] -- Configuring done
[6.206s] -- Generating done
[6.218s] -- Build files have been written to: /home/artem/vechicle/src/ros_gazebo_car/build/ackermann_vehicle_description
[6.422s] Invoked command in '/home/artem/vechicle/src/ros_gazebo_car/build/ackermann_vehicle_description' returned '0': CMAKE_PREFIX_PATH=${CMAKE_PREFIX_PATH}:/home/artem/vechicle/install/ackermann_teleop:/opt/ros/humble /usr/bin/cmake --build /home/artem/vechicle/src/ros_gazebo_car/build/ackermann_vehicle_description -- -j8 -l8
[6.721s] Invoking command in '/home/artem/vechicle/src/ros_gazebo_car/build/ackermann_vehicle_description': CMAKE_PREFIX_PATH=${CMAKE_PREFIX_PATH}:/home/artem/vechicle/install/ackermann_teleop:/opt/ros/humble /usr/bin/cmake --install /home/artem/vechicle/src/ros_gazebo_car/build/ackermann_vehicle_description
[6.787s] -- Install configuration: ""
[6.796s] -- Up-to-date: /home/artem/vechicle/src/ros_gazebo_car/install/ackermann_vehicle_description/share/ackermann_vehicle_description/meshes
[6.802s] -- Installing: /home/artem/vechicle/src/ros_gazebo_car/install/ackermann_vehicle_description/share/ackermann_vehicle_description/meshes/map.dae
[6.803s] -- Installing: /home/artem/vechicle/src/ros_gazebo_car/install/ackermann_vehicle_description/share/ackermann_vehicle_description/meshes/Material_Base_Color_002.png
[6.804s] -- Installing: /home/artem/vechicle/src/ros_gazebo_car/install/ackermann_vehicle_description/share/ackermann_vehicle_description/meshes/wheel.dae
[6.817s] -- Installing: /home/artem/vechicle/src/ros_gazebo_car/install/ackermann_vehicle_description/share/ackermann_vehicle_description/meshes/hokuyo.dae
[6.818s] -- Installing: /home/artem/vechicle/src/ros_gazebo_car/install/ackermann_vehicle_description/share/ackermann_vehicle_description/meshes/wheel.png
[6.822s] -- Installing: /home/artem/vechicle/src/ros_gazebo_car/install/ackermann_vehicle_description/share/ackermann_vehicle_description/meshes/car.png
[6.832s] -- Installing: /home/artem/vechicle/src/ros_gazebo_car/install/ackermann_vehicle_description/share/ackermann_vehicle_description/meshes/Material_001_Base_Color.png
[6.847s] -- Installing: /home/artem/vechicle/src/ros_gazebo_car/install/ackermann_vehicle_description/share/ackermann_vehicle_description/meshes/Material.002 Base Color.png
[6.851s] -- Installing: /home/artem/vechicle/src/ros_gazebo_car/install/ackermann_vehicle_description/share/ackermann_vehicle_description/meshes/car.dae
[6.854s] -- Up-to-date: /home/artem/vechicle/src/ros_gazebo_car/install/ackermann_vehicle_description/share/ackermann_vehicle_description/urdf
[6.854s] -- Installing: /home/artem/vechicle/src/ros_gazebo_car/install/ackermann_vehicle_description/share/ackermann_vehicle_description/urdf/exp.xml
[6.858s] -- Up-to-date: /home/artem/vechicle/src/ros_gazebo_car/install/ackermann_vehicle_description/share/ackermann_vehicle_description/urdf/gazebo_hokuyo.xml
[6.858s] -- Installing: /home/artem/vechicle/src/ros_gazebo_car/install/ackermann_vehicle_description/share/ackermann_vehicle_description/urdf/med.xml
[6.864s] -- Installing: /home/artem/vechicle/src/ros_gazebo_car/install/ackermann_vehicle_description/share/ackermann_vehicle_description/urdf/map.xacro
[6.878s] -- Installing: /home/artem/vechicle/src/ros_gazebo_car/install/ackermann_vehicle_description/share/ackermann_vehicle_description/urdf/car.xacro
[6.882s] -- Installing: /home/artem/vechicle/src/ros_gazebo_car/install/ackermann_vehicle_description/share/ackermann_vehicle_description/urdf/cheap.xml
[6.885s] -- Up-to-date: /home/artem/vechicle/src/ros_gazebo_car/install/ackermann_vehicle_description/share/ackermann_vehicle_description/urdf/test_robot.urdf
[6.886s] -- Up-to-date: /home/artem/vechicle/src/ros_gazebo_car/install/ackermann_vehicle_description/share/ackermann_vehicle_description/materials
[6.887s] -- Up-to-date: /home/artem/vechicle/src/ros_gazebo_car/install/ackermann_vehicle_description/share/ackermann_vehicle_description/materials/textures
[6.887s] -- Installing: /home/artem/vechicle/src/ros_gazebo_car/install/ackermann_vehicle_description/share/ackermann_vehicle_description/materials/textures/Material_Base_Color_002.png
[6.894s] -- Installing: /home/artem/vechicle/src/ros_gazebo_car/install/ackermann_vehicle_description/share/ackermann_vehicle_description/materials/textures/wheel.png
[6.918s] -- Installing: /home/artem/vechicle/src/ros_gazebo_car/install/ackermann_vehicle_description/share/ackermann_vehicle_description/materials/textures/car.png
[6.946s] -- Installing: /home/artem/vechicle/src/ros_gazebo_car/install/ackermann_vehicle_description/share/ackermann_vehicle_description/materials/textures/Material_001_Base_Color.png
[6.955s] -- Installing: /home/artem/vechicle/src/ros_gazebo_car/install/ackermann_vehicle_description/share/ackermann_vehicle_description/materials/textures/Material.002 Base Color.png
[6.959s] -- Up-to-date: /home/artem/vechicle/src/ros_gazebo_car/install/ackermann_vehicle_description/share/ackermann_vehicle_description/materials/scripts
[6.960s] -- Installing: /home/artem/vechicle/src/ros_gazebo_car/install/ackermann_vehicle_description/share/ackermann_vehicle_description/materials/scripts/wheel.material
[6.969s] -- Installing: /home/artem/vechicle/src/ros_gazebo_car/install/ackermann_vehicle_description/share/ackermann_vehicle_description/materials/scripts/car.material
[6.979s] -- Up-to-date: /home/artem/vechicle/src/ros_gazebo_car/install/ackermann_vehicle_description/share/ackermann_vehicle_description/launch
[6.980s] -- Installing: /home/artem/vechicle/src/ros_gazebo_car/install/ackermann_vehicle_description/share/ackermann_vehicle_description/launch/display.launch.py
[6.981s] -- Installing: /home/artem/vechicle/src/ros_gazebo_car/install/ackermann_vehicle_description/share/ackermann_vehicle_description/launch/gazebo.launch.py
[6.986s] -- Up-to-date: /home/artem/vechicle/src/ros_gazebo_car/install/ackermann_vehicle_description/share/ackermann_vehicle_description/launch/rsp.launch.py
[6.988s] -- Up-to-date: /home/artem/vechicle/src/ros_gazebo_car/install/ackermann_vehicle_description/share/ackermann_vehicle_description/launch/gazebo_sim.launch.py
[6.989s] -- Up-to-date: /home/artem/vechicle/src/ros_gazebo_car/install/ackermann_vehicle_description/share/ackermann_vehicle_description/launch/launch_sim.launch.py
[6.989s] -- Up-to-date: /home/artem/vechicle/src/ros_gazebo_car/install/ackermann_vehicle_description/share/ackermann_vehicle_description/launch/test_robot.launch.py
[6.989s] -- Installing: /home/artem/vechicle/src/ros_gazebo_car/install/ackermann_vehicle_description/share/ament_index/resource_index/package_run_dependencies/ackermann_vehicle_description
[6.989s] -- Installing: /home/artem/vechicle/src/ros_gazebo_car/install/ackermann_vehicle_description/share/ament_index/resource_index/parent_prefix_path/ackermann_vehicle_description
[6.995s] -- Installing: /home/artem/vechicle/src/ros_gazebo_car/install/ackermann_vehicle_description/share/ackermann_vehicle_description/environment/ament_prefix_path.sh
[6.996s] -- Installing: /home/artem/vechicle/src/ros_gazebo_car/install/ackermann_vehicle_description/share/ackermann_vehicle_description/environment/ament_prefix_path.dsv
[6.996s] -- Installing: /home/artem/vechicle/src/ros_gazebo_car/install/ackermann_vehicle_description/share/ackermann_vehicle_description/environment/path.sh
[6.997s] -- Installing: /home/artem/vechicle/src/ros_gazebo_car/install/ackermann_vehicle_description/share/ackermann_vehicle_description/environment/path.dsv
[7.002s] -- Up-to-date: /home/artem/vechicle/src/ros_gazebo_car/install/ackermann_vehicle_description/share/ackermann_vehicle_description/local_setup.bash
[7.002s] -- Up-to-date: /home/artem/vechicle/src/ros_gazebo_car/install/ackermann_vehicle_description/share/ackermann_vehicle_description/local_setup.sh
[7.002s] -- Up-to-date: /home/artem/vechicle/src/ros_gazebo_car/install/ackermann_vehicle_description/share/ackermann_vehicle_description/local_setup.zsh
[7.003s] -- Installing: /home/artem/vechicle/src/ros_gazebo_car/install/ackermann_vehicle_description/share/ackermann_vehicle_description/local_setup.dsv
[7.005s] -- Installing: /home/artem/vechicle/src/ros_gazebo_car/install/ackermann_vehicle_description/share/ackermann_vehicle_description/package.dsv
[7.005s] -- Installing: /home/artem/vechicle/src/ros_gazebo_car/install/ackermann_vehicle_description/share/ament_index/resource_index/packages/ackermann_vehicle_description
[7.012s] -- Up-to-date: /home/artem/vechicle/src/ros_gazebo_car/install/ackermann_vehicle_description/share/ackermann_vehicle_description/cmake/ackermann_vehicle_descriptionConfig.cmake
[7.013s] -- Up-to-date: /home/artem/vechicle/src/ros_gazebo_car/install/ackermann_vehicle_description/share/ackermann_vehicle_description/cmake/ackermann_vehicle_descriptionConfig-version.cmake
[7.014s] -- Installing: /home/artem/vechicle/src/ros_gazebo_car/install/ackermann_vehicle_description/share/ackermann_vehicle_description/package.xml
[7.025s] Invoked command in '/home/artem/vechicle/src/ros_gazebo_car/build/ackermann_vehicle_description' returned '0': CMAKE_PREFIX_PATH=${CMAKE_PREFIX_PATH}:/home/artem/vechicle/install/ackermann_teleop:/opt/ros/humble /usr/bin/cmake --install /home/artem/vechicle/src/ros_gazebo_car/build/ackermann_vehicle_description
